#-----------------------------------------------------------
# Vivado v2022.2 (64-bit)
# SW Build 3671981 on Fri Oct 14 05:00:03 MDT 2022
# IP Build 3669848 on Fri Oct 14 08:30:02 MDT 2022
# Start of session at: Sat May 20 18:31:00 2023
# Process ID: 4100
# Current directory: C:/Users/L7aur/elevator
# Command line: vivado.exe -gui_launcher_event rodinguilauncherevent14692 C:\Users\L7aur\elevator\elevator.xpr
# Log file: C:/Users/L7aur/elevator/vivado.log
# Journal file: C:/Users/L7aur/elevator\vivado.jou
# Running On: DESKTOP-IQA7PSH, OS: Windows, CPU Frequency: 3194 MHz, CPU Physical cores: 16, Host memory: 16371 MB
#-----------------------------------------------------------
start_gui
open_project C:/Users/L7aur/elevator/elevator.xpr
update_compile_order -fileset sources_1
reset_run synth_1
launch_runs impl_1 -to_step write_bitstream -jobs 8
wait_on_run impl_1
open_hw_manager
connect_hw_server -allow_non_jtag
open_hw_target
set_property PROGRAM.FILE {C:/Users/L7aur/elevator/elevator.runs/impl_1/elevator_design.bit} [get_hw_devices xc7a35t_0]
current_hw_device [get_hw_devices xc7a35t_0]
refresh_hw_device -update_hw_probes false [lindex [get_hw_devices xc7a35t_0] 0]
set_property PROBES.FILE {} [get_hw_devices xc7a35t_0]
set_property FULL_PROBES.FILE {} [get_hw_devices xc7a35t_0]
set_property PROGRAM.FILE {C:/Users/L7aur/elevator/elevator.runs/impl_1/elevator_design.bit} [get_hw_devices xc7a35t_0]
program_hw_devices [get_hw_devices xc7a35t_0]
refresh_hw_device [lindex [get_hw_devices xc7a35t_0] 0]
reset_run synth_1
launch_runs impl_1 -to_step write_bitstream -jobs 8
wait_on_run impl_1
set_property PROBES.FILE {} [get_hw_devices xc7a35t_0]
set_property FULL_PROBES.FILE {} [get_hw_devices xc7a35t_0]
set_property PROGRAM.FILE {C:/Users/L7aur/elevator/elevator.runs/impl_1/elevator_design.bit} [get_hw_devices xc7a35t_0]
program_hw_devices [get_hw_devices xc7a35t_0]
refresh_hw_device [lindex [get_hw_devices xc7a35t_0] 0]
close_hw_manager
